\BOOKMARK [0][-]{chapter*.1}{\376\377\000A\000c\000k\000n\000o\000w\000l\000e\000d\000g\000e\000m\000e\000n\000t\000s}{}% 1
\BOOKMARK [0][-]{chapter*.1}{\376\377\000L\000i\000s\000t\000\040\000o\000f\000\040\000F\000i\000g\000u\000r\000e\000s}{}% 2
\BOOKMARK [0][-]{chapter*.1}{\376\377\000L\000i\000s\000t\000\040\000o\000f\000\040\000T\000a\000b\000l\000e\000s}{}% 3
\BOOKMARK [0][-]{chapter*.2}{\376\377\000L\000i\000s\000t\000\040\000o\000f\000\040\000A\000b\000b\000r\000e\000v\000i\000a\000t\000i\000o\000n\000s}{}% 4
\BOOKMARK [0][-]{chapter*.3}{\376\377\000G\000e\000n\000e\000r\000a\000l\000\040\000I\000n\000t\000r\000o\000d\000u\000c\000t\000i\000o\000n}{}% 5
\BOOKMARK [0][-]{chapter.1}{\376\377\000C\000o\000n\000t\000e\000x\000t\000\040\000a\000n\000d\000\040\000S\000t\000a\000t\000e\000\040\000o\000f\000\040\000t\000h\000e\000\040\000A\000r\000t}{}% 6
\BOOKMARK [1][-]{section.1.1}{\376\377\000H\000o\000s\000t\000\040\000I\000n\000s\000t\000i\000t\000u\000t\000i\000o\000n}{chapter.1}% 7
\BOOKMARK [1][-]{section.1.2}{\376\377\000B\000r\000a\000n\000c\000h\000\040\000T\000e\000l\000l\000e\000r\000\040\000O\000p\000e\000r\000a\000t\000i\000o\000n\000s}{chapter.1}% 8
\BOOKMARK [1][-]{section.1.3}{\376\377\000R\000e\000g\000u\000l\000a\000t\000o\000r\000y\000\040\000F\000r\000a\000m\000e\000w\000o\000r\000k}{chapter.1}% 9
\BOOKMARK [2][-]{subsection.1.3.1}{\376\377\000B\000a\000n\000q\000u\000e\000\040\000C\000e\000n\000t\000r\000a\000l\000e\000\040\000d\000e\000\040\000T\000u\000n\000i\000s\000i\000e\000\040\000\050\000B\000C\000T\000\051}{section.1.3}% 10
\BOOKMARK [2][-]{subsection.1.3.2}{\376\377\000C\000o\000m\000m\000i\000s\000s\000i\000o\000n\000\040\000T\000u\000n\000i\000s\000i\000e\000n\000n\000e\000\040\000d\000e\000s\000\040\000A\000n\000a\000l\000y\000s\000e\000s\000\040\000F\000i\000n\000a\000n\000c\000i\000\350\000r\000e\000s\000\040\000\050\000C\000T\000A\000F\000\051}{section.1.3}% 11
\BOOKMARK [2][-]{subsection.1.3.3}{\376\377\000L\000a\000w\000\040\000n\000\260\0004\0001\000-\0002\0000\0002\0004}{section.1.3}% 12
\BOOKMARK [1][-]{section.1.4}{\376\377\000E\000x\000i\000s\000t\000i\000n\000g\000\040\000D\000e\000t\000e\000c\000t\000i\000o\000n\000\040\000C\000a\000p\000a\000b\000i\000l\000i\000t\000i\000e\000s}{chapter.1}% 13
\BOOKMARK [1][-]{section.1.5}{\376\377\000S\000t\000a\000t\000e\000\040\000o\000f\000\040\000t\000h\000e\000\040\000A\000r\000t}{chapter.1}% 14
\BOOKMARK [2][-]{subsection.1.5.1}{\376\377\000R\000u\000l\000e\000-\000B\000a\000s\000e\000d\000\040\000D\000e\000t\000e\000c\000t\000i\000o\000n}{section.1.5}% 15
\BOOKMARK [2][-]{subsection.1.5.2}{\376\377\000S\000t\000a\000t\000i\000s\000t\000i\000c\000a\000l\000\040\000A\000n\000o\000m\000a\000l\000y\000\040\000D\000e\000t\000e\000c\000t\000i\000o\000n}{section.1.5}% 16
\BOOKMARK [2][-]{subsection.1.5.3}{\376\377\000A\000u\000t\000o\000e\000n\000c\000o\000d\000e\000r\000s\000\040\000f\000o\000r\000\040\000A\000n\000o\000m\000a\000l\000y\000\040\000D\000e\000t\000e\000c\000t\000i\000o\000n}{section.1.5}% 17
\BOOKMARK [2][-]{subsection.1.5.4}{\376\377\000L\000S\000T\000M\000\040\000N\000e\000t\000w\000o\000r\000k\000s\000\040\000f\000o\000r\000\040\000S\000e\000q\000u\000e\000n\000t\000i\000a\000l\000\040\000A\000n\000o\000m\000a\000l\000y\000\040\000D\000e\000t\000e\000c\000t\000i\000o\000n}{section.1.5}% 18
\BOOKMARK [2][-]{subsection.1.5.5}{\376\377\000S\000c\000o\000r\000e\000\040\000F\000u\000s\000i\000o\000n}{section.1.5}% 19
\BOOKMARK [2][-]{subsection.1.5.6}{\376\377\000E\000x\000p\000l\000a\000i\000n\000a\000b\000i\000l\000i\000t\000y\000\040\000w\000i\000t\000h\000\040\000S\000H\000A\000P}{section.1.5}% 20
\BOOKMARK [2][-]{subsection.1.5.7}{\376\377\000S\000t\000r\000e\000a\000m\000i\000n\000g\000\040\000A\000r\000c\000h\000i\000t\000e\000c\000t\000u\000r\000e\000s\000\040\000f\000o\000r\000\040\000R\000e\000a\000l\000-\000T\000i\000m\000e\000\040\000D\000e\000t\000e\000c\000t\000i\000o\000n}{section.1.5}% 21
\BOOKMARK [1][-]{section.1.6}{\376\377\000P\000r\000o\000b\000l\000e\000m\000\040\000S\000t\000a\000t\000e\000m\000e\000n\000t\000\040\000a\000n\000d\000\040\000P\000r\000o\000j\000e\000c\000t\000\040\000O\000b\000j\000e\000c\000t\000i\000v\000e\000s}{chapter.1}% 22
\BOOKMARK [0][-]{chapter.2}{\376\377\000S\000y\000s\000t\000e\000m\000\040\000A\000r\000c\000h\000i\000t\000e\000c\000t\000u\000r\000e\000\040\000a\000n\000d\000\040\000D\000e\000s\000i\000g\000n}{}% 23
\BOOKMARK [1][-]{section.2.1}{\376\377\000S\000y\000s\000t\000e\000m\000\040\000O\000v\000e\000r\000v\000i\000e\000w}{chapter.2}% 24
\BOOKMARK [1][-]{section.2.2}{\376\377\000S\000t\000r\000e\000a\000m\000i\000n\000g\000\040\000T\000o\000p\000o\000l\000o\000g\000y}{chapter.2}% 25
\BOOKMARK [1][-]{section.2.3}{\376\377\000H\000o\000t\000/\000C\000o\000l\000d\000\040\000D\000a\000t\000a\000\040\000L\000a\000y\000e\000r}{chapter.2}% 26
\BOOKMARK [1][-]{section.2.4}{\376\377\000R\000a\000w\000\040\000E\000v\000e\000n\000t\000\040\000S\000c\000h\000e\000m\000a}{chapter.2}% 27
\BOOKMARK [1][-]{section.2.5}{\376\377\000D\000u\000a\000l\000-\000A\000c\000t\000o\000r\000\040\000P\000r\000o\000f\000i\000l\000i\000n\000g}{chapter.2}% 28
\BOOKMARK [2][-]{subsection.2.5.1}{\376\377\000C\000l\000i\000e\000n\000t\000\040\000P\000r\000o\000f\000i\000l\000e}{section.2.5}% 29
\BOOKMARK [2][-]{subsection.2.5.2}{\376\377\000E\000m\000p\000l\000o\000y\000e\000e\000\040\000P\000r\000o\000f\000i\000l\000e}{section.2.5}% 30
\BOOKMARK [1][-]{section.2.6}{\376\377\000E\000n\000r\000i\000c\000h\000e\000d\000\040\000E\000v\000e\000n\000t\000\040\000D\000e\000s\000i\000g\000n}{chapter.2}% 31
\BOOKMARK [2][-]{subsection.2.6.1}{\376\377\000T\000h\000e\000\040\000P\000r\000o\000f\000i\000l\000e\000\040\000D\000o\000m\000i\000n\000a\000n\000c\000e\000\040\000P\000r\000o\000b\000l\000e\000m}{section.2.6}% 32
\BOOKMARK [2][-]{subsection.2.6.2}{\376\377\000C\000o\000n\000t\000r\000a\000s\000t\000\040\000F\000e\000a\000t\000u\000r\000e\000\040\000R\000e\000d\000e\000s\000i\000g\000n}{section.2.6}% 33
\BOOKMARK [1][-]{section.2.7}{\376\377\000S\000c\000o\000r\000i\000n\000g\000\040\000A\000r\000c\000h\000i\000t\000e\000c\000t\000u\000r\000e}{chapter.2}% 34
\BOOKMARK [2][-]{subsection.2.7.1}{\376\377\000D\000u\000a\000l\000-\000M\000o\000d\000e\000l\000\040\000R\000a\000t\000i\000o\000n\000a\000l\000e}{section.2.7}% 35
\BOOKMARK [2][-]{subsection.2.7.2}{\376\377\000S\000c\000o\000r\000e\000\040\000F\000u\000s\000i\000o\000n}{section.2.7}% 36
\BOOKMARK [2][-]{subsection.2.7.3}{\376\377\000C\000o\000l\000d\000-\000S\000t\000a\000r\000t\000\040\000S\000c\000o\000r\000i\000n\000g}{section.2.7}% 37
\BOOKMARK [2][-]{subsection.2.7.4}{\376\377\000C\000o\000n\000d\000i\000t\000i\000o\000n\000a\000l\000\040\000S\000H\000A\000P}{section.2.7}% 38
\BOOKMARK [1][-]{section.2.8}{\376\377\000D\000e\000c\000i\000s\000i\000o\000n\000\040\000S\000e\000r\000v\000i\000c\000e}{chapter.2}% 39
\BOOKMARK [2][-]{subsection.2.8.1}{\376\377\000L\000a\000y\000e\000r\000\040\0001\000\040\040\024\000\040\000S\000c\000o\000r\000e\000\040\000T\000h\000r\000e\000s\000h\000o\000l\000d\000s}{section.2.8}% 40
\BOOKMARK [2][-]{subsection.2.8.2}{\376\377\000L\000a\000y\000e\000r\000\040\0002\000\040\040\024\000\040\000R\000e\000g\000u\000l\000a\000t\000o\000r\000y\000\040\000R\000u\000l\000e\000\040\000E\000s\000c\000a\000l\000a\000t\000i\000o\000n}{section.2.8}% 41
\BOOKMARK [2][-]{subsection.2.8.3}{\376\377\000L\000a\000y\000e\000r\000\040\0003\000\040\040\024\000\040\000R\000i\000s\000k\000\040\000H\000i\000s\000t\000o\000r\000y\000\040\000A\000d\000j\000u\000s\000t\000m\000e\000n\000t}{section.2.8}% 42
\BOOKMARK [2][-]{subsection.2.8.4}{\376\377\000E\000x\000p\000l\000a\000n\000a\000t\000i\000o\000n\000\040\000A\000s\000s\000e\000m\000b\000l\000y}{section.2.8}% 43
\BOOKMARK [1][-]{section.2.9}{\376\377\000S\000o\000f\000t\000w\000a\000r\000e\000\040\000A\000r\000c\000h\000i\000t\000e\000c\000t\000u\000r\000e}{chapter.2}% 44
\BOOKMARK [0][-]{chapter.3}{\376\377\000S\000y\000n\000t\000h\000e\000t\000i\000c\000\040\000D\000a\000t\000a\000\040\000E\000n\000g\000i\000n\000e\000e\000r\000i\000n\000g}{}% 45
\BOOKMARK [1][-]{section.3.1}{\376\377\000S\000o\000u\000r\000c\000e\000\040\000E\000x\000t\000r\000a\000c\000t\000i\000o\000n\000\040\000M\000e\000t\000h\000o\000d\000o\000l\000o\000g\000y}{chapter.3}% 46
\BOOKMARK [1][-]{section.3.2}{\376\377\000S\000o\000u\000r\000c\000e\000\040\000E\000x\000t\000r\000a\000c\000t\000i\000o\000n\000s}{chapter.3}% 47
\BOOKMARK [2][-]{subsection.3.2.1}{\376\377\000S\0001\000\040\040\024\000\040\000P\000a\000y\000S\000i\000m}{section.3.2}% 48
\BOOKMARK [2][-]{subsection.3.2.2}{\376\377\000S\0002\000\040\040\024\000\040\000A\000m\000e\000n\000\040\000B\000a\000n\000k\000\040\0002\0000\0002\0003\000\040\000A\000n\000n\000u\000a\000l\000\040\000R\000e\000p\000o\000r\000t}{section.3.2}% 49
\BOOKMARK [2][-]{subsection.3.2.3}{\376\377\000S\0003\000\040\040\024\000\040\000C\000T\000A\000F\000\040\0002\0000\0002\0001\000\040\000A\000n\000n\000u\000a\000l\000\040\000R\000e\000p\000o\000r\000t}{section.3.2}% 50
\BOOKMARK [2][-]{subsection.3.2.4}{\376\377\000K\000n\000o\000w\000n\000\040\000G\000a\000p\000\040\040\024\000\040\000B\000C\000T\000\040\000C\000i\000r\000c\000u\000l\000a\000r\000s}{section.3.2}% 51
\BOOKMARK [1][-]{section.3.3}{\376\377\000C\000l\000i\000e\000n\000t\000\040\000A\000r\000c\000h\000e\000t\000y\000p\000e\000\040\000D\000e\000s\000i\000g\000n}{chapter.3}% 52
\BOOKMARK [2][-]{subsection.3.3.1}{\376\377\000R\000e\000g\000u\000l\000a\000t\000o\000r\000y\000\040\000D\000i\000s\000c\000o\000v\000e\000r\000y\000\040\040\024\000\040\000L\000a\000w\000\040\000n\000\260\0004\0001\000-\0002\0000\0002\0004}{section.3.3}% 53
\BOOKMARK [1][-]{section.3.4}{\376\377\000G\000e\000n\000e\000r\000a\000t\000o\000r\000\040\000A\000r\000c\000h\000i\000t\000e\000c\000t\000u\000r\000e}{chapter.3}% 54
\BOOKMARK [2][-]{subsection.3.4.1}{\376\377\000B\000r\000a\000n\000c\000h\000-\000L\000i\000n\000k\000e\000d\000\040\000E\000m\000p\000l\000o\000y\000e\000e\000\040\000A\000s\000s\000i\000g\000n\000m\000e\000n\000t}{section.3.4}% 55
\BOOKMARK [1][-]{section.3.5}{\376\377\000A\000n\000o\000m\000a\000l\000y\000\040\000S\000c\000e\000n\000a\000r\000i\000o\000\040\000D\000e\000s\000i\000g\000n}{chapter.3}% 56
\BOOKMARK [1][-]{section.3.6}{\376\377\000D\000a\000t\000a\000\040\000V\000a\000l\000i\000d\000a\000t\000i\000o\000n}{chapter.3}% 57
\BOOKMARK [2][-]{subsection.3.6.1}{\376\377\000O\000r\000a\000c\000l\000e\000\040\000P\000r\000o\000f\000i\000l\000e\000\040\000S\000h\000o\000r\000t\000c\000u\000t}{section.3.6}% 58
\BOOKMARK [0][-]{chapter.4}{\376\377\000M\000o\000d\000e\000l\000\040\000T\000r\000a\000i\000n\000i\000n\000g\000\040\000a\000n\000d\000\040\000E\000v\000a\000l\000u\000a\000t\000i\000o\000n}{}% 59
\BOOKMARK [1][-]{section.4.1}{\376\377\000D\000a\000t\000a\000\040\000P\000r\000e\000p\000a\000r\000a\000t\000i\000o\000n}{chapter.4}% 60
\BOOKMARK [2][-]{subsection.4.1.1}{\376\377\000T\000e\000m\000p\000o\000r\000a\000l\000\040\000S\000p\000l\000i\000t}{section.4.1}% 61
\BOOKMARK [2][-]{subsection.4.1.2}{\376\377\000C\000l\000a\000s\000s\000\040\000I\000m\000b\000a\000l\000a\000n\000c\000e}{section.4.1}% 62
\BOOKMARK [1][-]{section.4.2}{\376\377\000A\000u\000t\000o\000e\000n\000c\000o\000d\000e\000r}{chapter.4}% 63
\BOOKMARK [2][-]{subsection.4.2.1}{\376\377\000A\000r\000c\000h\000i\000t\000e\000c\000t\000u\000r\000e}{section.4.2}% 64
\BOOKMARK [2][-]{subsection.4.2.2}{\376\377\000A\000n\000o\000m\000a\000l\000y\000\040\000S\000c\000o\000r\000i\000n\000g}{section.4.2}% 65
\BOOKMARK [1][-]{section.4.3}{\376\377\000L\000S\000T\000M}{chapter.4}% 66
\BOOKMARK [2][-]{subsection.4.3.1}{\376\377\000A\000r\000c\000h\000i\000t\000e\000c\000t\000u\000r\000e}{section.4.3}% 67
\BOOKMARK [2][-]{subsection.4.3.2}{\376\377\000A\000n\000o\000m\000a\000l\000y\000\040\000S\000c\000o\000r\000i\000n\000g}{section.4.3}% 68
\BOOKMARK [2][-]{subsection.4.3.3}{\376\377\000S\000e\000q\000u\000e\000n\000c\000e\000\040\000C\000o\000n\000s\000t\000r\000u\000c\000t\000i\000o\000n}{section.4.3}% 69
\BOOKMARK [1][-]{section.4.4}{\376\377\000I\000n\000i\000t\000i\000a\000l\000\040\000T\000r\000a\000i\000n\000i\000n\000g\000\040\000F\000a\000i\000l\000u\000r\000e\000\040\000a\000n\000d\000\040\000R\000o\000o\000t\000\040\000C\000a\000u\000s\000e\000\040\000A\000n\000a\000l\000y\000s\000i\000s}{chapter.4}% 70
\BOOKMARK [2][-]{subsection.4.4.1}{\376\377\000D\000i\000a\000g\000n\000o\000s\000i\000s}{section.4.4}% 71
\BOOKMARK [2][-]{subsection.4.4.2}{\376\377\000R\000e\000s\000o\000l\000u\000t\000i\000o\000n}{section.4.4}% 72
\BOOKMARK [1][-]{section.4.5}{\376\377\000P\000o\000s\000t\000-\000R\000e\000b\000u\000i\000l\000d\000\040\000R\000e\000s\000u\000l\000t\000s}{chapter.4}% 73
\BOOKMARK [2][-]{subsection.4.5.1}{\376\377\000P\000e\000r\000-\000S\000c\000e\000n\000a\000r\000i\000o\000\040\000A\000n\000a\000l\000y\000s\000i\000s}{section.4.5}% 74
\BOOKMARK [2][-]{subsection.4.5.2}{\376\377\000C\000o\000m\000p\000l\000e\000m\000e\000n\000t\000a\000r\000y\000\040\000D\000e\000t\000e\000c\000t\000i\000o\000n\000\040\000P\000r\000o\000f\000i\000l\000e\000s}{section.4.5}% 75
\BOOKMARK [1][-]{section.4.6}{\376\377\000F\000r\000a\000m\000i\000n\000g\000\040\000f\000o\000r\000\040\000P\000r\000o\000d\000u\000c\000t\000i\000o\000n\000\040\000D\000e\000p\000l\000o\000y\000m\000e\000n\000t}{chapter.4}% 76
\BOOKMARK [2][-]{subsection.4.6.1}{\376\377\000M\000u\000l\000t\000i\000-\000M\000e\000c\000h\000a\000n\000i\000s\000m\000\040\000C\000o\000n\000v\000e\000r\000g\000e\000n\000c\000e\000:\000\040\000S\000m\000u\000r\000f\000i\000n\000g\000\040\000a\000s\000\040\000C\000a\000s\000e\000\040\000S\000t\000u\000d\000y}{section.4.6}% 77
\BOOKMARK [0][-]{chapter.5}{\376\377\000S\000t\000r\000e\000a\000m\000i\000n\000g\000\040\000P\000i\000p\000e\000l\000i\000n\000e\000\040\000a\000n\000d\000\040\000I\000n\000t\000e\000g\000r\000a\000t\000i\000o\000n}{}% 78
\BOOKMARK [1][-]{section.5.1}{\376\377\000S\000t\000r\000e\000a\000m\000i\000n\000g\000\040\000T\000o\000p\000o\000l\000o\000g\000y}{chapter.5}% 79
\BOOKMARK [2][-]{subsection.5.1.1}{\376\377\000B\000r\000o\000k\000e\000r\000\040\000C\000h\000o\000i\000c\000e\000:\000\040\000R\000e\000d\000P\000a\000n\000d\000a}{section.5.1}% 80
\BOOKMARK [2][-]{subsection.5.1.2}{\376\377\000C\000o\000n\000s\000u\000m\000e\000r\000\040\000G\000r\000o\000u\000p\000s\000\040\000a\000n\000d\000\040\000O\000f\000f\000s\000e\000t\000\040\000M\000a\000n\000a\000g\000e\000m\000e\000n\000t}{section.5.1}% 81
\BOOKMARK [1][-]{section.5.2}{\376\377\000C\000o\000r\000e\000\040\000E\000x\000t\000r\000a\000c\000t\000i\000o\000n\000\040\000P\000a\000t\000t\000e\000r\000n}{chapter.5}% 82
\BOOKMARK [2][-]{subsection.5.2.1}{\376\377\000C\000o\000r\000e\000\040\000M\000o\000d\000u\000l\000e\000s}{section.5.2}% 83
\BOOKMARK [2][-]{subsection.5.2.2}{\376\377\000T\000h\000i\000n\000\040\000S\000t\000r\000e\000a\000m\000i\000n\000g\000\040\000W\000r\000a\000p\000p\000e\000r\000s}{section.5.2}% 84
\BOOKMARK [1][-]{section.5.3}{\376\377\000D\000e\000a\000d\000\040\000L\000e\000t\000t\000e\000r\000\040\000Q\000u\000e\000u\000e\000\040\000a\000n\000d\000\040\000F\000a\000u\000l\000t\000\040\000T\000o\000l\000e\000r\000a\000n\000c\000e}{chapter.5}% 85
\BOOKMARK [2][-]{subsection.5.3.1}{\376\377\000F\000a\000i\000l\000u\000r\000e\000\040\000C\000l\000a\000s\000s\000i\000f\000i\000c\000a\000t\000i\000o\000n}{section.5.3}% 86
\BOOKMARK [2][-]{subsection.5.3.2}{\376\377\000R\000e\000s\000i\000l\000i\000e\000n\000t\000C\000o\000n\000s\000u\000m\000e\000r}{section.5.3}% 87
\BOOKMARK [2][-]{subsection.5.3.3}{\376\377\000S\000t\000r\000u\000c\000t\000u\000r\000e\000d\000\040\000L\000o\000g\000g\000i\000n\000g}{section.5.3}% 88
\BOOKMARK [1][-]{section.5.4}{\376\377\000E\000n\000r\000i\000c\000h\000m\000e\000n\000t\000\040\000S\000e\000r\000v\000i\000c\000e}{chapter.5}% 89
\BOOKMARK [2][-]{subsection.5.4.1}{\376\377\000D\000a\000t\000a\000\040\000S\000o\000u\000r\000c\000e\000s}{section.5.4}% 90
\BOOKMARK [2][-]{subsection.5.4.2}{\376\377\000F\000e\000a\000t\000u\000r\000e\000\040\000C\000o\000m\000p\000u\000t\000a\000t\000i\000o\000n}{section.5.4}% 91
\BOOKMARK [2][-]{subsection.5.4.3}{\376\377\000A\000m\000o\000u\000n\000t\000\040\000S\000t\000a\000t\000i\000s\000t\000i\000c\000s\000\040\000F\000a\000l\000l\000b\000a\000c\000k\000\040\000C\000h\000a\000i\000n}{section.5.4}% 92
\BOOKMARK [2][-]{subsection.5.4.4}{\376\377\000S\000e\000q\000u\000e\000n\000c\000e\000\040\000B\000u\000f\000f\000e\000r\000\040\000M\000a\000n\000a\000g\000e\000m\000e\000n\000t}{section.5.4}% 93
\BOOKMARK [1][-]{section.5.5}{\376\377\000S\000c\000o\000r\000i\000n\000g\000\040\000S\000e\000r\000v\000i\000c\000e}{chapter.5}% 94
\BOOKMARK [2][-]{subsection.5.5.1}{\376\377\000S\000c\000o\000r\000e\000\040\000F\000u\000s\000i\000o\000n}{section.5.5}% 95
\BOOKMARK [2][-]{subsection.5.5.2}{\376\377\000C\000o\000l\000d\000-\000S\000t\000a\000r\000t\000\040\000G\000u\000a\000r\000d}{section.5.5}% 96
\BOOKMARK [2][-]{subsection.5.5.3}{\376\377\000C\000o\000n\000d\000i\000t\000i\000o\000n\000a\000l\000\040\000S\000H\000A\000P}{section.5.5}% 97
\BOOKMARK [1][-]{section.5.6}{\376\377\000D\000e\000c\000i\000s\000i\000o\000n\000\040\000S\000e\000r\000v\000i\000c\000e}{chapter.5}% 98
\BOOKMARK [2][-]{subsection.5.6.1}{\376\377\000A\000l\000e\000r\000t\000\040\000T\000i\000e\000r\000\040\000A\000s\000s\000i\000g\000n\000m\000e\000n\000t}{section.5.6}% 99
\BOOKMARK [2][-]{subsection.5.6.2}{\376\377\000R\000e\000g\000u\000l\000a\000t\000o\000r\000y\000\040\000R\000u\000l\000e\000s}{section.5.6}% 100
\BOOKMARK [2][-]{subsection.5.6.3}{\376\377\000C\000o\000l\000d\000-\000S\000t\000a\000r\000t\000\040\000T\000i\000e\000r\000\040\000C\000a\000p}{section.5.6}% 101
\BOOKMARK [1][-]{section.5.7}{\376\377\000S\000i\000n\000k\000\040\000C\000o\000n\000s\000u\000m\000e\000r\000s}{chapter.5}% 102
\BOOKMARK [2][-]{subsection.5.7.1}{\376\377\000R\000a\000w\000\040\000E\000v\000e\000n\000t\000s\000\040\000S\000i\000n\000k}{section.5.7}% 103
\BOOKMARK [2][-]{subsection.5.7.2}{\376\377\000D\000e\000c\000i\000s\000i\000o\000n\000s\000\040\000S\000i\000n\000k}{section.5.7}% 104
\BOOKMARK [2][-]{subsection.5.7.3}{\376\377\000D\000e\000l\000i\000b\000e\000r\000a\000t\000e\000\040\000F\000K\000\040\000O\000m\000i\000s\000s\000i\000o\000n}{section.5.7}% 105
\BOOKMARK [1][-]{section.5.8}{\376\377\000D\000a\000t\000a\000\040\000P\000e\000r\000s\000i\000s\000t\000e\000n\000c\000e\000\040\000L\000a\000y\000e\000r}{chapter.5}% 106
\BOOKMARK [2][-]{subsection.5.8.1}{\376\377\000M\000a\000s\000t\000e\000r\000\040\000T\000a\000b\000l\000e\000s}{section.5.8}% 107
\BOOKMARK [2][-]{subsection.5.8.2}{\376\377\000T\000r\000a\000n\000s\000a\000c\000t\000i\000o\000n\000\040\000a\000n\000d\000\040\000E\000v\000e\000n\000t\000\040\000T\000a\000b\000l\000e\000s}{section.5.8}% 108
\BOOKMARK [2][-]{subsection.5.8.3}{\376\377\000A\000l\000e\000r\000t\000s\000\040\000T\000a\000b\000l\000e}{section.5.8}% 109
\BOOKMARK [2][-]{subsection.5.8.4}{\376\377\000P\000r\000o\000f\000i\000l\000e\000\040\000a\000n\000d\000\040\000B\000a\000s\000e\000l\000i\000n\000e\000\040\000T\000a\000b\000l\000e\000s}{section.5.8}% 110
\BOOKMARK [1][-]{section.5.9}{\376\377\000B\000a\000t\000c\000h\000\040\000I\000n\000t\000e\000g\000r\000a\000t\000i\000o\000n}{chapter.5}% 111
\BOOKMARK [2][-]{subsection.5.9.1}{\376\377\000N\000i\000g\000h\000t\000l\000y\000\040\000P\000r\000o\000f\000i\000l\000e\000\040\000R\000e\000b\000u\000i\000l\000d}{section.5.9}% 112
\BOOKMARK [2][-]{subsection.5.9.2}{\376\377\000F\000e\000a\000t\000u\000r\000e\000\040\000P\000a\000r\000i\000t\000y\000\040\000G\000u\000a\000r\000a\000n\000t\000e\000e}{section.5.9}% 113
\BOOKMARK [2][-]{subsection.5.9.3}{\376\377\000S\000t\000r\000e\000a\000m\000i\000n\000g\040\023\000B\000a\000t\000c\000h\000\040\000C\000o\000o\000r\000d\000i\000n\000a\000t\000i\000o\000n}{section.5.9}% 114
\BOOKMARK [0][-]{chapter.6}{\376\377\000M\000L\000O\000p\000s\000,\000\040\000O\000b\000s\000e\000r\000v\000a\000b\000i\000l\000i\000t\000y\000,\000\040\000a\000n\000d\000\040\000P\000r\000o\000d\000u\000c\000t\000i\000o\000n\000\040\000R\000e\000a\000d\000i\000n\000e\000s\000s}{}% 115
\BOOKMARK [1][-]{section.6.1}{\376\377\000M\000L\000O\000p\000s\000\040\000L\000i\000f\000e\000c\000y\000c\000l\000e\000\040\000O\000v\000e\000r\000v\000i\000e\000w}{chapter.6}% 116
\BOOKMARK [1][-]{section.6.2}{\376\377\000E\000x\000p\000e\000r\000i\000m\000e\000n\000t\000\040\000T\000r\000a\000c\000k\000i\000n\000g\000\040\000w\000i\000t\000h\000\040\000M\000L\000f\000l\000o\000w}{chapter.6}% 117
\BOOKMARK [2][-]{subsection.6.2.1}{\376\377\000S\000e\000r\000v\000e\000r\000\040\000C\000o\000n\000f\000i\000g\000u\000r\000a\000t\000i\000o\000n}{section.6.2}% 118
\BOOKMARK [2][-]{subsection.6.2.2}{\376\377\000T\000r\000a\000i\000n\000i\000n\000g\000\040\000J\000o\000b\000\040\000S\000t\000r\000u\000c\000t\000u\000r\000e}{section.6.2}% 119
\BOOKMARK [1][-]{section.6.3}{\376\377\000M\000o\000d\000e\000l\000\040\000P\000r\000o\000m\000o\000t\000i\000o\000n\000\040\000G\000a\000t\000e}{chapter.6}% 120
\BOOKMARK [2][-]{subsection.6.3.1}{\376\377\000P\000r\000o\000m\000o\000t\000i\000o\000n\000\040\000L\000o\000g\000i\000c}{section.6.3}% 121
\BOOKMARK [2][-]{subsection.6.3.2}{\376\377\000S\000c\000o\000p\000e\000\040\000a\000n\000d\000\040\000L\000i\000m\000i\000t\000a\000t\000i\000o\000n\000s}{section.6.3}% 122
\BOOKMARK [1][-]{section.6.4}{\376\377\000O\000r\000c\000h\000e\000s\000t\000r\000a\000t\000i\000o\000n\000\040\000w\000i\000t\000h\000\040\000A\000p\000a\000c\000h\000e\000\040\000A\000i\000r\000f\000l\000o\000w}{chapter.6}% 123
\BOOKMARK [2][-]{subsection.6.4.1}{\376\377\000A\000i\000r\000f\000l\000o\000w\000\040\000I\000n\000f\000r\000a\000s\000t\000r\000u\000c\000t\000u\000r\000e}{section.6.4}% 124
\BOOKMARK [2][-]{subsection.6.4.2}{\376\377\000W\000e\000e\000k\000l\000y\000\040\000R\000e\000t\000r\000a\000i\000n\000\040\000D\000A\000G}{section.6.4}% 125
\BOOKMARK [2][-]{subsection.6.4.3}{\376\377\000T\000r\000a\000i\000n\000i\000n\000g\000\040\000I\000s\000o\000l\000a\000t\000i\000o\000n\000\040\000w\000i\000t\000h\000\040\000D\000o\000c\000k\000e\000r\000O\000p\000e\000r\000a\000t\000o\000r}{section.6.4}% 126
\BOOKMARK [1][-]{section.6.5}{\376\377\000R\000e\000t\000r\000a\000i\000n\000i\000n\000g\000\040\000T\000r\000i\000g\000g\000e\000r\000s}{chapter.6}% 127
\BOOKMARK [2][-]{subsection.6.5.1}{\376\377\000S\000c\000h\000e\000d\000u\000l\000e\000d\000\040\000R\000e\000t\000r\000a\000i\000n\000i\000n\000g}{section.6.5}% 128
\BOOKMARK [2][-]{subsection.6.5.2}{\376\377\000D\000r\000i\000f\000t\000-\000T\000r\000i\000g\000g\000e\000r\000e\000d\000\040\000R\000e\000t\000r\000a\000i\000n\000i\000n\000g}{section.6.5}% 129
\BOOKMARK [2][-]{subsection.6.5.3}{\376\377\000F\000e\000e\000d\000b\000a\000c\000k\000-\000T\000r\000i\000g\000g\000e\000r\000e\000d\000\040\000R\000e\000t\000r\000a\000i\000n\000i\000n\000g}{section.6.5}% 130
\BOOKMARK [1][-]{section.6.6}{\376\377\000S\000u\000p\000e\000r\000v\000i\000s\000o\000r\000\040\000F\000e\000e\000d\000b\000a\000c\000k\000\040\000L\000o\000o\000p}{chapter.6}% 131
\BOOKMARK [2][-]{subsection.6.6.1}{\376\377\000F\000e\000e\000d\000b\000a\000c\000k\000\040\000D\000i\000v\000e\000r\000g\000e\000n\000c\000e\000\040\000D\000A\000G}{section.6.6}% 132
\BOOKMARK [2][-]{subsection.6.6.2}{\376\377\000T\000h\000r\000e\000e\000\040\000T\000r\000i\000g\000g\000e\000r\000s\000,\000\040\000O\000n\000e\000\040\000P\000i\000p\000e\000l\000i\000n\000e}{section.6.6}% 133
\BOOKMARK [1][-]{section.6.7}{\376\377\000O\000b\000s\000e\000r\000v\000a\000b\000i\000l\000i\000t\000y\000\040\000a\000n\000d\000\040\000M\000o\000n\000i\000t\000o\000r\000i\000n\000g}{chapter.6}% 134
\BOOKMARK [2][-]{subsection.6.7.1}{\376\377\000S\000e\000r\000v\000i\000c\000e\000\040\000M\000e\000t\000r\000i\000c\000s}{section.6.7}% 135
\BOOKMARK [2][-]{subsection.6.7.2}{\376\377\000F\000a\000i\000l\000u\000r\000e\000\040\000D\000o\000m\000a\000i\000n\000\040\000S\000e\000p\000a\000r\000a\000t\000i\000o\000n}{section.6.7}% 136
\BOOKMARK [2][-]{subsection.6.7.3}{\376\377\000S\000t\000r\000u\000c\000t\000u\000r\000e\000d\000\040\000L\000o\000g\000g\000i\000n\000g}{section.6.7}% 137
\BOOKMARK [0][-]{chapter.7}{\376\377\000D\000a\000s\000h\000b\000o\000a\000r\000d\000\040\000a\000n\000d\000\040\000R\000e\000s\000u\000l\000t\000s}{}% 138
\BOOKMARK [1][-]{section.7.1}{\376\377\000D\000a\000s\000h\000b\000o\000a\000r\000d\000\040\000A\000r\000c\000h\000i\000t\000e\000c\000t\000u\000r\000e}{chapter.7}% 139
\BOOKMARK [2][-]{subsection.7.1.1}{\376\377\000W\000h\000y\000\040\000t\000h\000e\000\040\000D\000a\000s\000h\000b\000o\000a\000r\000d\000\040\000C\000a\000n\000n\000o\000t\000\040\000C\000o\000n\000s\000u\000m\000e\000\040\000K\000a\000f\000k\000a\000\040\000D\000i\000r\000e\000c\000t\000l\000y}{section.7.1}% 140
\BOOKMARK [2][-]{subsection.7.1.2}{\376\377\000D\000a\000t\000a\000\040\000A\000c\000c\000e\000s\000s\000\040\000P\000a\000t\000t\000e\000r\000n}{section.7.1}% 141
\BOOKMARK [2][-]{subsection.7.1.3}{\376\377\000R\000e\000a\000l\000-\000T\000i\000m\000e\000\040\000R\000e\000f\000r\000e\000s\000h}{section.7.1}% 142
\BOOKMARK [2][-]{subsection.7.1.4}{\376\377\000N\000a\000v\000i\000g\000a\000t\000i\000o\000n\000\040\000S\000t\000r\000u\000c\000t\000u\000r\000e}{section.7.1}% 143
\BOOKMARK [1][-]{section.7.2}{\376\377\000A\000l\000e\000r\000t\000s\000\040\000P\000a\000g\000e}{chapter.7}% 144
\BOOKMARK [2][-]{subsection.7.2.1}{\376\377\000F\000i\000l\000t\000e\000r\000i\000n\000g\000\040\000a\000n\000d\000\040\000L\000i\000s\000t\000\040\000V\000i\000e\000w}{section.7.2}% 145
\BOOKMARK [2][-]{subsection.7.2.2}{\376\377\000A\000l\000e\000r\000t\000\040\000D\000e\000t\000a\000i\000l}{section.7.2}% 146
\BOOKMARK [2][-]{subsection.7.2.3}{\376\377\000S\000u\000p\000e\000r\000v\000i\000s\000o\000r\000\040\000F\000e\000e\000d\000b\000a\000c\000k}{section.7.2}% 147
\BOOKMARK [1][-]{section.7.3}{\376\377\000K\000P\000I\000s\000\040\000P\000a\000g\000e}{chapter.7}% 148
\BOOKMARK [1][-]{section.7.4}{\376\377\000S\000i\000m\000u\000l\000a\000t\000i\000o\000n\000\040\000P\000a\000g\000e}{chapter.7}% 149
\BOOKMARK [1][-]{section.7.5}{\376\377\000H\000e\000a\000l\000t\000h\000\040\000P\000a\000g\000e}{chapter.7}% 150
\BOOKMARK [1][-]{section.7.6}{\376\377\000P\000i\000p\000e\000l\000i\000n\000e\000\040\000V\000a\000l\000i\000d\000a\000t\000i\000o\000n\000\040\000a\000n\000d\000\040\000R\000e\000s\000u\000l\000t\000s}{chapter.7}% 151
\BOOKMARK [2][-]{subsection.7.6.1}{\376\377\000S\000c\000o\000r\000e\000\040\000D\000i\000s\000t\000r\000i\000b\000u\000t\000i\000o\000n}{section.7.6}% 152
\BOOKMARK [2][-]{subsection.7.6.2}{\376\377\000M\000o\000d\000e\000l\000\040\000P\000e\000r\000f\000o\000r\000m\000a\000n\000c\000e}{section.7.6}% 153
\BOOKMARK [2][-]{subsection.7.6.3}{\376\377\000S\000y\000n\000t\000h\000e\000t\000i\000c\000\040\000D\000a\000t\000a\000\040\000C\000a\000v\000e\000a\000t}{section.7.6}% 154
\BOOKMARK [0][-]{chapter.8}{\376\377\000P\000r\000o\000d\000u\000c\000t\000i\000o\000n\000\040\000R\000o\000a\000d\000m\000a\000p\000\040}{}% 155
\BOOKMARK [1][-]{section.8.1}{\376\377\000C\000o\000n\000t\000a\000i\000n\000e\000r\000\040\000O\000r\000c\000h\000e\000s\000t\000r\000a\000t\000i\000o\000n\000\040\000w\000i\000t\000h\000\040\000K\000u\000b\000e\000r\000n\000e\000t\000e\000s}{chapter.8}% 156
\BOOKMARK [1][-]{section.8.2}{\376\377\000C\000o\000n\000t\000i\000n\000u\000o\000u\000s\000\040\000I\000n\000t\000e\000g\000r\000a\000t\000i\000o\000n\000\040\000a\000n\000d\000\040\000D\000e\000p\000l\000o\000y\000m\000e\000n\000t}{chapter.8}% 157
\BOOKMARK [1][-]{section.8.3}{\376\377\000S\000e\000c\000r\000e\000t\000s\000\040\000M\000a\000n\000a\000g\000e\000m\000e\000n\000t}{chapter.8}% 158
\BOOKMARK [1][-]{section.8.4}{\376\377\000L\000o\000a\000d\000\040\000T\000e\000s\000t\000i\000n\000g}{chapter.8}% 159
\BOOKMARK [1][-]{section.8.5}{\376\377\000D\000a\000t\000a\000\040\000R\000e\000t\000e\000n\000t\000i\000o\000n\000\040\000a\000n\000d\000\040\000A\000r\000c\000h\000i\000v\000a\000l}{chapter.8}% 160
\BOOKMARK [0][-]{chapter*.37}{\376\377\000G\000e\000n\000e\000r\000a\000l\000\040\000C\000o\000n\000c\000l\000u\000s\000i\000o\000n}{}% 161
\BOOKMARK [0][-]{appendix.A}{\376\377\000E\000n\000r\000i\000c\000h\000e\000d\000\040\000F\000e\000a\000t\000u\000r\000e\000\040\000S\000c\000h\000e\000m\000a}{}% 162
\BOOKMARK [0][-]{appendix.B}{\376\377\000D\000o\000c\000k\000e\000r\000\040\000C\000o\000m\000p\000o\000s\000e\000\040\000S\000e\000r\000v\000i\000c\000e\000\040\000I\000n\000v\000e\000n\000t\000o\000r\000y}{}% 163
